// Jest Snapshot v1, https://goo.gl/fbAQLP

exports[`PostmanRepo should be able to retrieve collection by Uid 1`] = `
Object {
  "createdAt": "2020-10-23T18:48:46.000Z",
  "id": "dac5eac9-148d-a32e-b76b-3edee9da28f7",
  "name": "Cloud API",
  "owner": "631643",
  "uid": "631643-dac5eac9-148d-a32e-b76b-3edee9da28f7",
  "updatedAt": "2020-10-23T18:48:47.000Z",
}
`;

exports[`PostmanRepo should be able to retrieve collection by case-insensitive name 1`] = `
Object {
  "createdAt": "2021-11-04T19:45:53.000Z",
  "id": "22eb0345-7fcb-4358-88bc-af234ffc8943",
  "name": "Sample Collection",
  "owner": "631643",
  "uid": "631643-22eb0345-7fcb-4358-88bc-af234ffc8943",
  "updatedAt": "2021-11-05T12:41:12.000Z",
}
`;

exports[`PostmanRepo should be able to retrieve workspace by case-insensitive name 1`] = `
Object {
  "id": "f8801e9e-03a4-4c7b-b31e-5db5cd771696",
  "name": "Team workspace",
  "type": "team",
}
`;

exports[`PostmanRepo should be able to retrieve workspace by id 1`] = `
Object {
  "id": "4e6d34c2-cfdb-4b33-8868-12a875bebda3",
  "name": "My Workspace",
  "type": "personal",
}
`;

exports[`PostmanRepo should read from existing cache 1`] = `
Object {
  "collections": Array [
    Object {
      "createdAt": "2020-10-23T18:48:46.000Z",
      "id": "dac5eac9-148d-a32e-b76b-3edee9da28f7",
      "name": "Cloud API",
      "owner": "631643",
      "uid": "631643-dac5eac9-148d-a32e-b76b-3edee9da28f7",
      "updatedAt": "2020-10-23T18:48:47.000Z",
    },
    Object {
      "createdAt": "2021-03-17T09:43:13.000Z",
      "id": "f695cab7-6878-eb55-7943-ad88e1ccfd65",
      "name": "Postman Echo",
      "owner": "631643",
      "uid": "631643-f695cab7-6878-eb55-7943-ad88e1ccfd65",
      "updatedAt": "2021-11-05T12:41:12.000Z",
    },
    Object {
      "createdAt": "2021-11-04T19:45:53.000Z",
      "id": "f2e66c2e-5297-e4a5-739e-20cbb90900e3",
      "name": "Sample Collection",
      "owner": "631643",
      "uid": "631643-f2e66c2e-5297-e4a5-739e-20cbb90900e3",
      "updatedAt": "2021-11-04T19:56:43.000Z",
    },
    Object {
      "createdAt": "2021-11-04T19:45:53.000Z",
      "id": "22eb0345-7fcb-4358-88bc-af234ffc8943",
      "name": "Sample Collection",
      "owner": "631643",
      "uid": "631643-22eb0345-7fcb-4358-88bc-af234ffc8943",
      "updatedAt": "2021-11-05T12:41:12.000Z",
    },
  ],
  "workspaces": Array [
    Object {
      "id": "4e6d34c2-cfdb-4b33-8868-12a875bebda3",
      "name": "My Workspace",
      "type": "personal",
    },
    Object {
      "id": "f8801e9e-03a4-4c7b-b31e-5db5cd771696",
      "name": "Team workspace",
      "type": "team",
    },
  ],
}
`;
